------------------------------------------------------------
TimeQuest Timing Analyzer Summary
------------------------------------------------------------

Type  : Setup 'CLOCK_50'
Slack : 3.501
TNS   : 0.000

Type  : Setup 'altera_reserved_tck'
Slack : 10.647
TNS   : 0.000

Type  : Setup 'Generate_Arbitrary_Divided_Clk32:Generate_LCD_scope_Clk|var_clk_div32:Div_Clk|tc_reg'
Slack : 13.284
TNS   : 0.000

Type  : Setup 'Generate_Arbitrary_Divided_Clk32:Gen_2Hz_clk|var_clk_div32:Div_Clk|tc_reg'
Slack : 14.693
TNS   : 0.000

Type  : Setup 'Write_Kbd_To_Scope_LCD:Write_Kbd_To_LCD1|state[9]'
Slack : 14.817
TNS   : 0.000

Type  : Setup 'audio_controller:audio_control|audio_clock:u4|LRCK_1X'
Slack : 15.567
TNS   : 0.000

Type  : Setup 'audio_controller:audio_control|TFF_power_of_2_division_counter_with_auto_phase_inversion:generate_aud_ctrl_clk|widereg:div_regs_gen[1].div_reg|outdata[0]'
Slack : 16.114
TNS   : 0.000

Type  : Setup 'doublesync:ps2c_doublsync|reg2'
Slack : 16.334
TNS   : 0.000

Type  : Setup 'Generate_Arbitrary_Divided_Clk32:Gen_1KHz_clk|var_clk_div32:Div_Clk|tc_reg'
Slack : 16.957
TNS   : 0.000

Type  : Setup 'audio_controller:audio_control|TFF_power_of_2_division_counter_with_auto_phase_inversion:generate_aud_ctrl_clk|widereg:div_reg_top|outdata[0]'
Slack : 17.194
TNS   : 0.000

Type  : Setup 'Write_Kbd_To_Scope_LCD:Write_Kbd_To_LCD1|state[4]'
Slack : 34.868
TNS   : 0.000

Type  : Setup 'audio_controller:audio_control|audio_clock:u4|oAUD_BCK'
Slack : 35.011
TNS   : 0.000

Type  : Setup 'audio_controller:audio_control|I2C_AV_Config:u3|mI2C_CTRL_CLK'
Slack : 35.246
TNS   : 0.000

Type  : Setup 'Write_Kbd_To_Scope_LCD:Write_Kbd_To_LCD1|state[6]'
Slack : 36.915
TNS   : 0.000

Type  : Hold 'Generate_Arbitrary_Divided_Clk32:Generate_LCD_scope_Clk|var_clk_div32:Div_Clk|tc_reg'
Slack : -0.103
TNS   : -0.405

Type  : Hold 'Write_Kbd_To_Scope_LCD:Write_Kbd_To_LCD1|state[4]'
Slack : 0.162
TNS   : 0.000

Type  : Hold 'CLOCK_50'
Slack : 0.214
TNS   : 0.000

Type  : Hold 'altera_reserved_tck'
Slack : 0.235
TNS   : 0.000

Type  : Hold 'audio_controller:audio_control|I2C_AV_Config:u3|mI2C_CTRL_CLK'
Slack : 0.269
TNS   : 0.000

Type  : Hold 'audio_controller:audio_control|audio_clock:u4|oAUD_BCK'
Slack : 0.382
TNS   : 0.000

Type  : Hold 'Generate_Arbitrary_Divided_Clk32:Gen_1KHz_clk|var_clk_div32:Div_Clk|tc_reg'
Slack : 0.529
TNS   : 0.000

Type  : Hold 'audio_controller:audio_control|TFF_power_of_2_division_counter_with_auto_phase_inversion:generate_aud_ctrl_clk|widereg:div_regs_gen[1].div_reg|outdata[0]'
Slack : 0.691
TNS   : 0.000

Type  : Hold 'doublesync:ps2c_doublsync|reg2'
Slack : 0.726
TNS   : 0.000

Type  : Hold 'Write_Kbd_To_Scope_LCD:Write_Kbd_To_LCD1|state[6]'
Slack : 0.755
TNS   : 0.000

Type  : Hold 'audio_controller:audio_control|TFF_power_of_2_division_counter_with_auto_phase_inversion:generate_aud_ctrl_clk|widereg:div_reg_top|outdata[0]'
Slack : 0.826
TNS   : 0.000

Type  : Hold 'audio_controller:audio_control|audio_clock:u4|LRCK_1X'
Slack : 2.105
TNS   : 0.000

Type  : Hold 'Generate_Arbitrary_Divided_Clk32:Gen_2Hz_clk|var_clk_div32:Div_Clk|tc_reg'
Slack : 2.985
TNS   : 0.000

Type  : Hold 'Write_Kbd_To_Scope_LCD:Write_Kbd_To_LCD1|state[9]'
Slack : 20.321
TNS   : 0.000

Type  : Recovery 'speed_down_event_trigger'
Slack : 4.026
TNS   : 0.000

Type  : Recovery 'speed_up_event_trigger'
Slack : 4.163
TNS   : 0.000

Type  : Recovery 'Kbd_ctrl:Kbd_Controller|data_ready'
Slack : 4.608
TNS   : 0.000

Type  : Recovery 'doublesync:ps2c_doublsync|reg2'
Slack : 5.284
TNS   : 0.000

Type  : Recovery 'CLOCK_50'
Slack : 6.481
TNS   : 0.000

Type  : Recovery 'doublesync:key2_doublsync|reg2'
Slack : 13.736
TNS   : 0.000

Type  : Recovery 'altera_reserved_tck'
Slack : 13.768
TNS   : 0.000

Type  : Recovery 'clk_divider:gen_clk_22khz|clk_out'
Slack : 13.916
TNS   : 0.000

Type  : Recovery 'audio_controller:audio_control|TFF_power_of_2_division_counter_with_auto_phase_inversion:generate_aud_ctrl_clk|widereg:div_regs_gen[1].div_reg|outdata[0]'
Slack : 14.850
TNS   : 0.000

Type  : Recovery 'Write_Kbd_To_Scope_LCD:Write_Kbd_To_LCD1|state[6]'
Slack : 15.133
TNS   : 0.000

Type  : Recovery 'audio_controller:audio_control|audio_clock:u4|oAUD_BCK'
Slack : 15.244
TNS   : 0.000

Type  : Recovery 'Write_Kbd_To_Scope_LCD:Write_Kbd_To_LCD1|state[5]'
Slack : 15.573
TNS   : 0.000

Type  : Removal 'CLOCK_50'
Slack : 0.550
TNS   : 0.000

Type  : Removal 'altera_reserved_tck'
Slack : 0.711
TNS   : 0.000

Type  : Removal 'clk_divider:gen_clk_22khz|clk_out'
Slack : 1.074
TNS   : 0.000

Type  : Removal 'audio_controller:audio_control|audio_clock:u4|oAUD_BCK'
Slack : 2.015
TNS   : 0.000

Type  : Removal 'doublesync:ps2c_doublsync|reg2'
Slack : 2.295
TNS   : 0.000

Type  : Removal 'Write_Kbd_To_Scope_LCD:Write_Kbd_To_LCD1|state[5]'
Slack : 2.460
TNS   : 0.000

Type  : Removal 'audio_controller:audio_control|TFF_power_of_2_division_counter_with_auto_phase_inversion:generate_aud_ctrl_clk|widereg:div_regs_gen[1].div_reg|outdata[0]'
Slack : 2.729
TNS   : 0.000

Type  : Removal 'Write_Kbd_To_Scope_LCD:Write_Kbd_To_LCD1|state[6]'
Slack : 2.851
TNS   : 0.000

Type  : Removal 'doublesync:key2_doublsync|reg2'
Slack : 4.194
TNS   : 0.000

Type  : Removal 'Kbd_ctrl:Kbd_Controller|data_ready'
Slack : 13.613
TNS   : 0.000

Type  : Removal 'speed_down_event_trigger'
Slack : 13.755
TNS   : 0.000

Type  : Removal 'speed_up_event_trigger'
Slack : 13.869
TNS   : 0.000

Type  : Minimum Pulse Width 'CLOCK_50'
Slack : 8.464
TNS   : 0.000

Type  : Minimum Pulse Width 'altera_reserved_tck'
Slack : 15.145
TNS   : 0.000

Type  : Minimum Pulse Width 'Generate_Arbitrary_Divided_Clk32:Generate_LCD_scope_Clk|var_clk_div32:Div_Clk|tc_reg'
Slack : 18.750
TNS   : 0.000

Type  : Minimum Pulse Width 'audio_controller:audio_control|TFF_power_of_2_division_counter_with_auto_phase_inversion:generate_aud_ctrl_clk|widereg:div_regs_gen[1].div_reg|outdata[0]'
Slack : 19.072
TNS   : 0.000

Type  : Minimum Pulse Width 'Write_Kbd_To_Scope_LCD:Write_Kbd_To_LCD1|state[4]'
Slack : 19.173
TNS   : 0.000

Type  : Minimum Pulse Width 'audio_controller:audio_control|audio_clock:u4|oAUD_BCK'
Slack : 19.178
TNS   : 0.000

Type  : Minimum Pulse Width 'doublesync:ps2c_doublsync|reg2'
Slack : 19.289
TNS   : 0.000

Type  : Minimum Pulse Width 'Write_Kbd_To_Scope_LCD:Write_Kbd_To_LCD1|state[9]'
Slack : 19.292
TNS   : 0.000

Type  : Minimum Pulse Width 'speed_down_event_trigger'
Slack : 19.296
TNS   : 0.000

Type  : Minimum Pulse Width 'audio_controller:audio_control|TFF_power_of_2_division_counter_with_auto_phase_inversion:generate_aud_ctrl_clk|widereg:div_reg_top|outdata[0]'
Slack : 19.312
TNS   : 0.000

Type  : Minimum Pulse Width 'audio_controller:audio_control|audio_clock:u4|LRCK_1X'
Slack : 19.333
TNS   : 0.000

Type  : Minimum Pulse Width 'Generate_Arbitrary_Divided_Clk32:Gen_1KHz_clk|var_clk_div32:Div_Clk|tc_reg'
Slack : 19.370
TNS   : 0.000

Type  : Minimum Pulse Width 'audio_controller:audio_control|I2C_AV_Config:u3|mI2C_CTRL_CLK'
Slack : 19.372
TNS   : 0.000

Type  : Minimum Pulse Width 'Write_Kbd_To_Scope_LCD:Write_Kbd_To_LCD1|state[5]'
Slack : 19.376
TNS   : 0.000

Type  : Minimum Pulse Width 'doublesync:key2_doublsync|reg2'
Slack : 19.383
TNS   : 0.000

Type  : Minimum Pulse Width 'Kbd_ctrl:Kbd_Controller|data_ready'
Slack : 19.386
TNS   : 0.000

Type  : Minimum Pulse Width 'speed_up_event_trigger'
Slack : 19.387
TNS   : 0.000

Type  : Minimum Pulse Width 'Write_Kbd_To_Scope_LCD:Write_Kbd_To_LCD1|state[6]'
Slack : 19.404
TNS   : 0.000

Type  : Minimum Pulse Width 'Generate_Arbitrary_Divided_Clk32:Gen_2Hz_clk|var_clk_div32:Div_Clk|tc_reg'
Slack : 19.407
TNS   : 0.000

Type  : Minimum Pulse Width 'clk_divider:gen_clk_22khz|clk_out'
Slack : 19.407
TNS   : 0.000

------------------------------------------------------------
